>>> import re
>>> phone = re.compile(r'\d')
>>> m = phone.search('4')
>>> m.group()
'4'
>>> phone = re.compile(r'\d-\d')
>>> m = phone.search('4-4')
>>> m.group()
'4-4'
>>> 
>>> import re
>>> r = re.compile(r'\d(-)?\d')
>>> r.search('4-5')
<_sre.SRE_Match object; span=(0, 3), match='4-5'>
>>> m = r.search('4-5')
>>> m.group()
'4-5'
>>> m = r.search('45')
>>> m.group()
'45'
>>> m = r.search('4=5')
>>> m.group()
Traceback (most recent call last):
  File "<pyshell#8>", line 1, in <module>
    m.group()
AttributeError: 'NoneType' object has no attribute 'group'
>>> 
>>> r = re.compile(r'\d(-)*\d')
>>> r.search('45').group()
'45'
>>> r.search('4-5').group()
'4-5'
>>> r.search('4--5').group()
'4--5'
>>> r = re.compile(r'\d(-)+\d')
>>> r.search('45').group()
Traceback (most recent call last):
  File "<pyshell#14>", line 1, in <module>
    r.search('45').group()
AttributeError: 'NoneType' object has no attribute 'group'
>>> r.search('4-5').group()
'4-5'
>>> 
>>> r = re.compile(r'\d(-){1,3}\d')
>>> r.search('4--5').group()
'4--5'
>>> r.search('4---5').group()
'4---5'
>>> r.search('45').group()
Traceback (most recent call last):
  File "<pyshell#21>", line 1, in <module>
    r.search('45').group()
AttributeError: 'NoneType' object has no attribute 'group'
>>> 
>>> r = re.compile(r'(\d-\d)')
>>> r.search('4-5 4-5 4-5').group()
'4-5'
>>> r.findall('4-5 4-5 4-5')
['4-5', '4-5', '4-5']
>>> 


